nohup: ignoring input

libgomp: Invalid value for environment variable OMP_NUM_THREADS
50 cases
Loading checkpoint shards:   0%|          | 0/5 [00:00<?, ?it/s]Loading checkpoint shards: 100%|██████████| 5/5 [00:00<00:00, 51.51it/s]
Loading pipeline components...:   0%|          | 0/6 [00:00<?, ?it/s]Loading pipeline components...:  17%|█▋        | 1/6 [00:00<00:00,  6.39it/s]`torch_dtype` is deprecated! Use `dtype` instead!

Loading checkpoint shards:   0%|          | 0/4 [00:00<?, ?it/s][ALoading checkpoint shards: 100%|██████████| 4/4 [00:00<00:00, 45.85it/s]
Loading pipeline components...:  33%|███▎      | 2/6 [00:00<00:00,  6.56it/s]Loading pipeline components...: 100%|██████████| 6/6 [00:01<00:00,  5.90it/s]Loading pipeline components...: 100%|██████████| 6/6 [00:01<00:00,  5.97it/s]
guidance_scale is passed as 1.0, but ignored since the model is not guidance-distilled.
[1/50] random_7366990737707040768_MNDf_lo0 ok 226.8s
guidance_scale is passed as 1.0, but ignored since the model is not guidance-distilled.
[2/50] random_gemini_pro_44009_4_357 ok 226.3s
guidance_scale is passed as 1.0, but ignored since the model is not guidance-distilled.
[3/50] random_7366270816974688258_OlMq_lo0 ok 226.3s
guidance_scale is passed as 1.0, but ignored since the model is not guidance-distilled.
[4/50] random_7366277007515738114_QwSe_lo0 ok 226.1s
guidance_scale is passed as 1.0, but ignored since the model is not guidance-distilled.
[5/50] random_gemini_pro_33034_0_384 ok 236.1s
guidance_scale is passed as 1.0, but ignored since the model is not guidance-distilled.
[6/50] random_7366259890271698946_kvBU_lo0 ok 227.3s
guidance_scale is passed as 1.0, but ignored since the model is not guidance-distilled.
[7/50] random_7366080387037683729_UBmK_lo0 ok 227.7s
guidance_scale is passed as 1.0, but ignored since the model is not guidance-distilled.
[8/50] random_7366080387012517904_grvJ_lo0 ok 227.5s
guidance_scale is passed as 1.0, but ignored since the model is not guidance-distilled.
[9/50] random_7366080387041878038_ycCu_lo0 ok 227.8s
guidance_scale is passed as 1.0, but ignored since the model is not guidance-distilled.
[10/50] random_7366300836921360395_HWsi_lo0 ok 227.5s
guidance_scale is passed as 1.0, but ignored since the model is not guidance-distilled.
[11/50] random_gemini_pro_22721_4_325 ok 238.0s
guidance_scale is passed as 1.0, but ignored since the model is not guidance-distilled.
[12/50] random_7365924110504280072_TWzM_lo0 ok 227.4s
guidance_scale is passed as 1.0, but ignored since the model is not guidance-distilled.
[13/50] random_7366273704765575173_kyfw_lo0 ok 226.8s
guidance_scale is passed as 1.0, but ignored since the model is not guidance-distilled.
[14/50] random_7366261925700358145_WbND_lo0 ok 227.5s
guidance_scale is passed as 1.0, but ignored since the model is not guidance-distilled.
[15/50] random_gemini_pro_29973_2_34 ok 227.1s
guidance_scale is passed as 1.0, but ignored since the model is not guidance-distilled.
[16/50] random_gemini_pro_49362_3_216 ok 224.6s
guidance_scale is passed as 1.0, but ignored since the model is not guidance-distilled.
[17/50] random_7366987983081136136_AZkK_lo0 ok 227.0s
guidance_scale is passed as 1.0, but ignored since the model is not guidance-distilled.
[18/50] random_7366280759761076224_uWCU_lo0 ok 227.7s
guidance_scale is passed as 1.0, but ignored since the model is not guidance-distilled.
[19/50] random_7366292577208393732_aQPk_lo0 ok 227.7s
guidance_scale is passed as 1.0, but ignored since the model is not guidance-distilled.
[20/50] random_7366298499792134145_GCnN_lo0 ok 227.6s
guidance_scale is passed as 1.0, but ignored since the model is not guidance-distilled.
[21/50] random_7366284184288657408_TtaZ_lo0 ok 227.6s
guidance_scale is passed as 1.0, but ignored since the model is not guidance-distilled.
[22/50] random_7366268588427735041_Yrod_lo0 ok 227.4s
guidance_scale is passed as 1.0, but ignored since the model is not guidance-distilled.
[23/50] random_7366271383218327559_cSDe_lo0 ok 227.2s
guidance_scale is passed as 1.0, but ignored since the model is not guidance-distilled.
[24/50] random_7366005160869863425_BUuM_lo0 ok 227.9s
guidance_scale is passed as 1.0, but ignored since the model is not guidance-distilled.
[25/50] random_7366288600462946314_KBFi_lo0 ok 227.6s
guidance_scale is passed as 1.0, but ignored since the model is not guidance-distilled.
[26/50] multi_gemini_pro_2720_2_4084 ok 235.8s
guidance_scale is passed as 1.0, but ignored since the model is not guidance-distilled.
[27/50] multi_7366832313983787008_xWoq_lo0 ok 227.6s
guidance_scale is passed as 1.0, but ignored since the model is not guidance-distilled.
[28/50] multi_7366257141542961160_bFxG_lo0 ok 227.7s
guidance_scale is passed as 1.0, but ignored since the model is not guidance-distilled.
[29/50] multi_7366229240844046348_tSOc_lo0 ok 227.8s
guidance_scale is passed as 1.0, but ignored since the model is not guidance-distilled.
[30/50] multi_gemini_pro_46514_5_226 ok 227.7s
guidance_scale is passed as 1.0, but ignored since the model is not guidance-distilled.
[31/50] multi_7366266671966351383_wIFW_lo0 ok 227.4s
guidance_scale is passed as 1.0, but ignored since the model is not guidance-distilled.
[32/50] multi_gemini_pro_13140_3_206 ok 224.5s
guidance_scale is passed as 1.0, but ignored since the model is not guidance-distilled.
[33/50] multi_7366295323944865803_eGjQ_lo0 ok 227.0s
guidance_scale is passed as 1.0, but ignored since the model is not guidance-distilled.
[34/50] multi_7366300362197327872_zovJ_lo0 ok 227.5s
guidance_scale is passed as 1.0, but ignored since the model is not guidance-distilled.
[35/50] multi_gemini_pro_26144_0_32 ok 224.9s
guidance_scale is passed as 1.0, but ignored since the model is not guidance-distilled.
[36/50] multi_gemini_pro_4357_2_203 ok 227.5s
guidance_scale is passed as 1.0, but ignored since the model is not guidance-distilled.
[37/50] multi_7366290299437072388_vnGx_lo0 ok 227.2s
guidance_scale is passed as 1.0, but ignored since the model is not guidance-distilled.
[38/50] multi_7366979883762663460_BcZW_lo0 ok 226.5s
guidance_scale is passed as 1.0, but ignored since the model is not guidance-distilled.
[39/50] multi_gemini_pro_39716_4_327 ok 226.7s
guidance_scale is passed as 1.0, but ignored since the model is not guidance-distilled.
[40/50] multi_gemini_pro_21396_0_221 ok 227.5s
guidance_scale is passed as 1.0, but ignored since the model is not guidance-distilled.
[41/50] multi_gemini_pro_10065_2_62 ok 226.9s
guidance_scale is passed as 1.0, but ignored since the model is not guidance-distilled.
[42/50] multi_gemini_pro_37088_3_64 ok 226.9s
guidance_scale is passed as 1.0, but ignored since the model is not guidance-distilled.
[43/50] multi_gemini_pro_27641_4_1007 ok 233.6s
guidance_scale is passed as 1.0, but ignored since the model is not guidance-distilled.
[44/50] multi_gemini_pro_2473_4_215 ok 226.6s
guidance_scale is passed as 1.0, but ignored since the model is not guidance-distilled.
[45/50] multi_gemini_pro_49596_1_400 ok 237.5s
guidance_scale is passed as 1.0, but ignored since the model is not guidance-distilled.
[46/50] multi_gemini_pro_29492_2_204 ok 227.4s
guidance_scale is passed as 1.0, but ignored since the model is not guidance-distilled.
[47/50] multi_7366286055422312452_vCIs_lo0 ok 226.7s
guidance_scale is passed as 1.0, but ignored since the model is not guidance-distilled.
[48/50] multi_7366300442644070407_Ndas_lo0 ok 226.8s
guidance_scale is passed as 1.0, but ignored since the model is not guidance-distilled.
[49/50] multi_7366275818048876545_gWdA_lo0 ok 226.6s
guidance_scale is passed as 1.0, but ignored since the model is not guidance-distilled.
[50/50] multi_7365958743136645120_XwHR_lo0 ok 226.7s

完成 50/50, 输出在 /root/autodl-tmp/structedit/results/survey
